// Jest Snapshot v1, https://goo.gl/fbAQLP

exports[`Board component Matches snapshot 1`] = `
<h1>
  Board board board!
</h1>
`;
